
*** Running vivado
    with args -log conv2d_accel.vds -m64 -product Vivado -mode batch -messageDb vivado.pb -notrace -source conv2d_accel.tcl



****** Vivado v2022.1 (64-bit)
  **** SW Build 3526262 on Mon Apr 18 15:48:16 MDT 2022
  **** IP Build 3524634 on Mon Apr 18 20:55:01 MDT 2022
    ** Copyright 1986-2022 Xilinx, Inc. All Rights Reserved.

source conv2d_accel.tcl -notrace
Command: read_checkpoint -auto_incremental -incremental C:/Users/24long.nh/project_3/project_3.srcs/utils_1/imports/synth_1/conv2d_accel.dcp
INFO: [Vivado 12-5825] Read reference checkpoint from C:/Users/24long.nh/project_3/project_3.srcs/utils_1/imports/synth_1/conv2d_accel.dcp for incremental synthesis
INFO: [Vivado 12-7989] Please ensure there are no constraint changes
Command: synth_design -top conv2d_accel -part xczu7ev-ffvc1156-2-e
Starting synth_design
Attempting to get a license for feature 'Synthesis' and/or device 'xczu7ev'
INFO: [Common 17-349] Got license for feature 'Synthesis' and/or device 'xczu7ev'
INFO: [Device 21-403] Loading part xczu7ev-ffvc1156-2-e
INFO: [Designutils 20-5440] No compile time benefit to using incremental synthesis; A full resynthesis will be run
INFO: [Designutils 20-4379] Flow is switching to default flow due to incremental criteria not met. If you would like to alter this behaviour and have the flow terminate instead, please set the following parameter config_implementation {autoIncr.Synth.RejectBehavior Terminate}
INFO: [Synth 8-7079] Multithreading enabled for synth_design using a maximum of 2 processes.
INFO: [Synth 8-7078] Launching helper process for spawning children vivado processes
INFO: [Synth 8-7075] Helper process launched with PID 22800
---------------------------------------------------------------------------------
Starting RTL Elaboration : Time (s): cpu = 00:00:04 ; elapsed = 00:00:05 . Memory (MB): peak = 1825.617 ; gain = 325.836
---------------------------------------------------------------------------------
INFO: [Synth 8-6157] synthesizing module 'conv2d_accel' [C:/Users/24long.nh/project_3/project_3.srcs/sources_1/new/conv2d_accel.v:3]
INFO: [Synth 8-6157] synthesizing module 'multiport_sram' [C:/Users/24long.nh/project_3/project_3.srcs/sources_1/new/multiport_sram.v:3]
	Parameter DEPTH bound to: 256 - type: integer 
	Parameter DATA_W bound to: 8 - type: integer 
INFO: [Synth 8-6155] done synthesizing module 'multiport_sram' (0#1) [C:/Users/24long.nh/project_3/project_3.srcs/sources_1/new/multiport_sram.v:3]
INFO: [Synth 8-6157] synthesizing module 'multiport_sram__parameterized0' [C:/Users/24long.nh/project_3/project_3.srcs/sources_1/new/multiport_sram.v:3]
	Parameter DEPTH bound to: 9 - type: integer 
	Parameter DATA_W bound to: 8 - type: integer 
INFO: [Synth 8-6155] done synthesizing module 'multiport_sram__parameterized0' (0#1) [C:/Users/24long.nh/project_3/project_3.srcs/sources_1/new/multiport_sram.v:3]
INFO: [Synth 8-6157] synthesizing module 'simple_sram' [C:/Users/24long.nh/project_3/project_3.srcs/sources_1/new/simple_sram.v:3]
	Parameter DEPTH bound to: 196 - type: integer 
	Parameter DATA_W bound to: 8 - type: integer 
INFO: [Synth 8-6155] done synthesizing module 'simple_sram' (0#1) [C:/Users/24long.nh/project_3/project_3.srcs/sources_1/new/simple_sram.v:3]
INFO: [Synth 8-6157] synthesizing module 'conv_engine_parallel' [C:/Users/24long.nh/project_3/project_3.srcs/sources_1/new/conv_engine_parallel.v:3]
	Parameter H bound to: 16 - type: integer 
	Parameter W bound to: 16 - type: integer 
	Parameter K bound to: 3 - type: integer 
	Parameter DATA_W bound to: 8 - type: integer 
	Parameter ACC_W bound to: 32 - type: integer 
INFO: [Synth 8-155] case statement is not full and has no default [C:/Users/24long.nh/project_3/project_3.srcs/sources_1/new/conv_engine_parallel.v:62]
INFO: [Synth 8-6155] done synthesizing module 'conv_engine_parallel' (0#1) [C:/Users/24long.nh/project_3/project_3.srcs/sources_1/new/conv_engine_parallel.v:3]
INFO: [Synth 8-155] case statement is not full and has no default [C:/Users/24long.nh/project_3/project_3.srcs/sources_1/new/conv2d_accel.v:90]
INFO: [Synth 8-6155] done synthesizing module 'conv2d_accel' (0#1) [C:/Users/24long.nh/project_3/project_3.srcs/sources_1/new/conv2d_accel.v:3]
---------------------------------------------------------------------------------
Finished RTL Elaboration : Time (s): cpu = 00:00:06 ; elapsed = 00:00:06 . Memory (MB): peak = 1910.141 ; gain = 410.359
---------------------------------------------------------------------------------
---------------------------------------------------------------------------------
Start Handling Custom Attributes
---------------------------------------------------------------------------------
---------------------------------------------------------------------------------
Finished Handling Custom Attributes : Time (s): cpu = 00:00:06 ; elapsed = 00:00:06 . Memory (MB): peak = 1928.039 ; gain = 428.258
---------------------------------------------------------------------------------
---------------------------------------------------------------------------------
Finished RTL Optimization Phase 1 : Time (s): cpu = 00:00:06 ; elapsed = 00:00:06 . Memory (MB): peak = 1928.039 ; gain = 428.258
---------------------------------------------------------------------------------
Netlist sorting complete. Time (s): cpu = 00:00:00 ; elapsed = 00:00:00.004 . Memory (MB): peak = 1928.039 ; gain = 0.000
INFO: [Project 1-570] Preparing netlist for logic optimization

Processing XDC Constraints
Initializing timing engine
Parsing XDC File [C:/Users/24long.nh/project_3/project_3.srcs/constrs_1/new/timing.xdc]
Finished Parsing XDC File [C:/Users/24long.nh/project_3/project_3.srcs/constrs_1/new/timing.xdc]
Completed Processing XDC Constraints

Netlist sorting complete. Time (s): cpu = 00:00:00 ; elapsed = 00:00:00 . Memory (MB): peak = 2045.539 ; gain = 0.000
INFO: [Project 1-111] Unisim Transformation Summary:
No Unisim elements were transformed.

Constraint Validation Runtime : Time (s): cpu = 00:00:00 ; elapsed = 00:00:00.008 . Memory (MB): peak = 2045.539 ; gain = 0.000
INFO: [Designutils 20-5440] No compile time benefit to using incremental synthesis; A full resynthesis will be run
INFO: [Designutils 20-4379] Flow is switching to default flow due to incremental criteria not met. If you would like to alter this behaviour and have the flow terminate instead, please set the following parameter config_implementation {autoIncr.Synth.RejectBehavior Terminate}
---------------------------------------------------------------------------------
Finished Constraint Validation : Time (s): cpu = 00:00:16 ; elapsed = 00:00:17 . Memory (MB): peak = 2045.539 ; gain = 545.758
---------------------------------------------------------------------------------
---------------------------------------------------------------------------------
Start Loading Part and Timing Information
---------------------------------------------------------------------------------
Loading part: xczu7ev-ffvc1156-2-e
INFO: [Synth 8-6742] Reading net delay rules and data
---------------------------------------------------------------------------------
Finished Loading Part and Timing Information : Time (s): cpu = 00:00:16 ; elapsed = 00:00:17 . Memory (MB): peak = 2045.539 ; gain = 545.758
---------------------------------------------------------------------------------
---------------------------------------------------------------------------------
Start Applying 'set_property' XDC Constraints
---------------------------------------------------------------------------------
---------------------------------------------------------------------------------
Finished applying 'set_property' XDC Constraints : Time (s): cpu = 00:00:16 ; elapsed = 00:00:17 . Memory (MB): peak = 2045.539 ; gain = 545.758
---------------------------------------------------------------------------------
INFO: [Synth 8-6904] The RAM "multiport_sram:/mem_array_reg" of size (depth=256 x width=8) is automatically implemented using LUTRAM. BRAM implementation would be inefficient 
INFO: [Synth 8-6904] The RAM "multiport_sram__parameterized0:/mem_array_reg" of size (depth=9 x width=8) is automatically implemented using LUTRAM. BRAM implementation would be inefficient 
INFO: [Synth 8-6904] The RAM "simple_sram:/mem_array_reg" of size (depth=196 x width=8) is automatically implemented using LUTRAM. BRAM implementation would be inefficient 
---------------------------------------------------------------------------------
Finished RTL Optimization Phase 2 : Time (s): cpu = 00:00:17 ; elapsed = 00:00:17 . Memory (MB): peak = 2045.539 ; gain = 545.758
---------------------------------------------------------------------------------
---------------------------------------------------------------------------------
Start RTL Component Statistics 
---------------------------------------------------------------------------------
Detailed RTL Component Info : 
+---Adders : 
	   2 Input    4 Bit       Adders := 2     
	   2 Input    3 Bit       Adders := 1     
+---Registers : 
	               32 Bit    Registers := 1     
	                8 Bit    Registers := 7     
	                4 Bit    Registers := 6     
	                3 Bit    Registers := 6     
	                1 Bit    Registers := 4     
+---RAMs : 
	               2K Bit	(256 X 8 bit)          RAMs := 1     
	               1K Bit	(196 X 8 bit)          RAMs := 1     
	               72 Bit	(9 X 8 bit)          RAMs := 1     
+---Muxes : 
	   6 Input   32 Bit        Muxes := 1     
	   2 Input    8 Bit        Muxes := 4     
	   6 Input    4 Bit        Muxes := 2     
	   2 Input    4 Bit        Muxes := 1     
	   6 Input    3 Bit        Muxes := 2     
	   3 Input    3 Bit        Muxes := 1     
	   2 Input    2 Bit        Muxes := 1     
	   6 Input    1 Bit        Muxes := 6     
	   2 Input    1 Bit        Muxes := 5     
---------------------------------------------------------------------------------
Finished RTL Component Statistics 
---------------------------------------------------------------------------------
---------------------------------------------------------------------------------
Start Part Resource Summary
---------------------------------------------------------------------------------
Part Resources:
DSPs: 1728 (col length:144)
BRAMs: 624 (col length: RAMB18 144 RAMB36 72)
---------------------------------------------------------------------------------
Finished Part Resource Summary
---------------------------------------------------------------------------------
---------------------------------------------------------------------------------
Start Cross Boundary and Area Optimization
---------------------------------------------------------------------------------
WARNING: [Synth 8-7080] Parallel synthesis criteria is not met
INFO: [Synth 8-6904] The RAM "conv2d_accel/kernel_sram/mem_array_reg" of size (depth=9 x width=8) is automatically implemented using LUTRAM. BRAM implementation would be inefficient 
INFO: [Synth 8-6904] The RAM "conv2d_accel/input_sram/mem_array_reg" of size (depth=256 x width=8) is automatically implemented using LUTRAM. BRAM implementation would be inefficient 
INFO: [Synth 8-6904] The RAM "conv2d_accel/output_sram/mem_array_reg" of size (depth=196 x width=8) is automatically implemented using LUTRAM. BRAM implementation would be inefficient 
INFO: [Synth 8-6904] The RAM "conv2d_accel/kernel_sram/mem_array_reg" of size (depth=9 x width=8) is automatically implemented using LUTRAM. BRAM implementation would be inefficient 
INFO: [Synth 8-6904] The RAM "conv2d_accel/input_sram/mem_array_reg" of size (depth=256 x width=8) is automatically implemented using LUTRAM. BRAM implementation would be inefficient 
INFO: [Synth 8-6904] The RAM "conv2d_accel/output_sram/mem_array_reg" of size (depth=196 x width=8) is automatically implemented using LUTRAM. BRAM implementation would be inefficient 
---------------------------------------------------------------------------------
Finished Cross Boundary and Area Optimization : Time (s): cpu = 00:00:19 ; elapsed = 00:00:20 . Memory (MB): peak = 2045.539 ; gain = 545.758
---------------------------------------------------------------------------------
---------------------------------------------------------------------------------
Start ROM, RAM, DSP, Shift Register and Retiming Reporting
---------------------------------------------------------------------------------

Distributed RAM: Preliminary Mapping Report (see note below)
+-------------+---------------------------+-----------+----------------------+---------------+
|Module Name  | RTL Object                | Inference | Size (Depth x Width) | Primitives    | 
+-------------+---------------------------+-----------+----------------------+---------------+
|conv2d_accel | kernel_sram/mem_array_reg | Implied   | 16 x 8               | RAM32M16 x 3  | 
|conv2d_accel | input_sram/mem_array_reg  | Implied   | 256 x 8              | RAM64M8 x 24  | 
|conv2d_accel | output_sram/mem_array_reg | Implied   | 256 x 8              | RAM64M8 x 8   | 
+-------------+---------------------------+-----------+----------------------+---------------+

Note: The table above is a preliminary report that shows the Distributed RAMs at the current stage of the synthesis flow. Some Distributed RAMs may be reimplemented as non Distributed RAM primitives later in the synthesis flow. Multiple instantiated RAMs are reported only once.
---------------------------------------------------------------------------------
Finished ROM, RAM, DSP, Shift Register and Retiming Reporting
---------------------------------------------------------------------------------
---------------------------------------------------------------------------------
Start Applying XDC Timing Constraints
---------------------------------------------------------------------------------
---------------------------------------------------------------------------------
Finished Applying XDC Timing Constraints : Time (s): cpu = 00:00:27 ; elapsed = 00:00:29 . Memory (MB): peak = 2509.633 ; gain = 1009.852
---------------------------------------------------------------------------------
---------------------------------------------------------------------------------
Start Timing Optimization
---------------------------------------------------------------------------------
---------------------------------------------------------------------------------
Finished Timing Optimization : Time (s): cpu = 00:00:28 ; elapsed = 00:00:30 . Memory (MB): peak = 2549.871 ; gain = 1050.090
---------------------------------------------------------------------------------
---------------------------------------------------------------------------------
Start ROM, RAM, DSP, Shift Register and Retiming Reporting
---------------------------------------------------------------------------------

Distributed RAM: Final Mapping Report
+-------------+---------------------------+-----------+----------------------+---------------+
|Module Name  | RTL Object                | Inference | Size (Depth x Width) | Primitives    | 
+-------------+---------------------------+-----------+----------------------+---------------+
|conv2d_accel | kernel_sram/mem_array_reg | Implied   | 16 x 8               | RAM32M16 x 3  | 
|conv2d_accel | input_sram/mem_array_reg  | Implied   | 256 x 8              | RAM64M8 x 24  | 
|conv2d_accel | output_sram/mem_array_reg | Implied   | 256 x 8              | RAM64M8 x 8   | 
+-------------+---------------------------+-----------+----------------------+---------------+

---------------------------------------------------------------------------------
Finished ROM, RAM, DSP, Shift Register and Retiming Reporting
---------------------------------------------------------------------------------
---------------------------------------------------------------------------------
Start Technology Mapping
---------------------------------------------------------------------------------
---------------------------------------------------------------------------------
Finished Technology Mapping : Time (s): cpu = 00:00:28 ; elapsed = 00:00:30 . Memory (MB): peak = 2549.871 ; gain = 1050.090
---------------------------------------------------------------------------------
---------------------------------------------------------------------------------
Start IO Insertion
---------------------------------------------------------------------------------
---------------------------------------------------------------------------------
Start Flattening Before IO Insertion
---------------------------------------------------------------------------------
---------------------------------------------------------------------------------
Finished Flattening Before IO Insertion
---------------------------------------------------------------------------------
---------------------------------------------------------------------------------
Start Final Netlist Cleanup
---------------------------------------------------------------------------------
---------------------------------------------------------------------------------
Finished Final Netlist Cleanup
---------------------------------------------------------------------------------
---------------------------------------------------------------------------------
Finished IO Insertion : Time (s): cpu = 00:00:32 ; elapsed = 00:00:34 . Memory (MB): peak = 2549.871 ; gain = 1050.090
---------------------------------------------------------------------------------
---------------------------------------------------------------------------------
Start Renaming Generated Instances
---------------------------------------------------------------------------------
---------------------------------------------------------------------------------
Finished Renaming Generated Instances : Time (s): cpu = 00:00:32 ; elapsed = 00:00:34 . Memory (MB): peak = 2549.871 ; gain = 1050.090
---------------------------------------------------------------------------------
---------------------------------------------------------------------------------
Start Rebuilding User Hierarchy
---------------------------------------------------------------------------------
---------------------------------------------------------------------------------
Finished Rebuilding User Hierarchy : Time (s): cpu = 00:00:32 ; elapsed = 00:00:34 . Memory (MB): peak = 2549.871 ; gain = 1050.090
---------------------------------------------------------------------------------
---------------------------------------------------------------------------------
Start Renaming Generated Ports
---------------------------------------------------------------------------------
---------------------------------------------------------------------------------
Finished Renaming Generated Ports : Time (s): cpu = 00:00:32 ; elapsed = 00:00:34 . Memory (MB): peak = 2549.871 ; gain = 1050.090
---------------------------------------------------------------------------------
---------------------------------------------------------------------------------
Start Handling Custom Attributes
---------------------------------------------------------------------------------
---------------------------------------------------------------------------------
Finished Handling Custom Attributes : Time (s): cpu = 00:00:32 ; elapsed = 00:00:34 . Memory (MB): peak = 2549.871 ; gain = 1050.090
---------------------------------------------------------------------------------
---------------------------------------------------------------------------------
Start Renaming Generated Nets
---------------------------------------------------------------------------------
---------------------------------------------------------------------------------
Finished Renaming Generated Nets : Time (s): cpu = 00:00:32 ; elapsed = 00:00:34 . Memory (MB): peak = 2549.871 ; gain = 1050.090
---------------------------------------------------------------------------------
---------------------------------------------------------------------------------
Start Writing Synthesis Report
---------------------------------------------------------------------------------

Report BlackBoxes: 
+-+--------------+----------+
| |BlackBox name |Instances |
+-+--------------+----------+
+-+--------------+----------+

Report Cell Usage: 
+------+---------+------+
|      |Cell     |Count |
+------+---------+------+
|1     |BUFG     |     1|
|2     |CARRY8   |    14|
|3     |LUT1     |     4|
|4     |LUT2     |    73|
|5     |LUT3     |    29|
|6     |LUT4     |    42|
|7     |LUT5     |    18|
|8     |LUT6     |   111|
|9     |RAM32M16 |     3|
|10    |RAM64M8  |    16|
|11    |RAM64X1D |    16|
|12    |FDRE     |    98|
|13    |IBUF     |    40|
|14    |OBUF     |    10|
+------+---------+------+
---------------------------------------------------------------------------------
Finished Writing Synthesis Report : Time (s): cpu = 00:00:32 ; elapsed = 00:00:34 . Memory (MB): peak = 2549.871 ; gain = 1050.090
---------------------------------------------------------------------------------
Synthesis finished with 0 errors, 0 critical warnings and 1 warnings.
Synthesis Optimization Runtime : Time (s): cpu = 00:00:21 ; elapsed = 00:00:28 . Memory (MB): peak = 2549.871 ; gain = 932.590
Synthesis Optimization Complete : Time (s): cpu = 00:00:32 ; elapsed = 00:00:34 . Memory (MB): peak = 2549.871 ; gain = 1050.090
INFO: [Project 1-571] Translating synthesized netlist
Netlist sorting complete. Time (s): cpu = 00:00:00 ; elapsed = 00:00:00.005 . Memory (MB): peak = 2559.305 ; gain = 0.000
INFO: [Netlist 29-17] Analyzing 90 Unisim elements for replacement
INFO: [Netlist 29-28] Unisim Transformation completed in 0 CPU seconds
INFO: [Project 1-570] Preparing netlist for logic optimization
INFO: [Opt 31-138] Pushed 0 inverter(s) to 0 load pin(s).
Netlist sorting complete. Time (s): cpu = 00:00:00 ; elapsed = 00:00:00 . Memory (MB): peak = 2586.148 ; gain = 0.000
INFO: [Project 1-111] Unisim Transformation Summary:
  A total of 76 instances were transformed.
  BUFG => BUFGCE: 1 instance 
  IBUF => IBUF (IBUFCTRL, INBUF): 40 instances
  RAM32M16 => RAM32M16 (RAMD32(x14), RAMS32(x2)): 3 instances
  RAM64M8 => RAM64M8 (RAMD64E(x8)): 16 instances
  RAM64X1D => RAM64X1D (RAMD64E(x2)): 16 instances

Synth Design complete, checksum: b7e8123e
INFO: [Common 17-83] Releasing license: Synthesis
42 Infos, 1 Warnings, 0 Critical Warnings and 0 Errors encountered.
synth_design completed successfully
synth_design: Time (s): cpu = 00:00:39 ; elapsed = 00:00:42 . Memory (MB): peak = 2586.148 ; gain = 1317.082
INFO: [Common 17-1381] The checkpoint 'C:/Users/24long.nh/project_3/project_3.runs/synth_1/conv2d_accel.dcp' has been generated.
INFO: [runtcl-4] Executing : report_utilization -file conv2d_accel_utilization_synth.rpt -pb conv2d_accel_utilization_synth.pb
INFO: [Common 17-206] Exiting Vivado at Sun May 24 18:58:45 2026...
